ERC report (2026-05-11T11:51:13+0530, Encoding UTF8)

***** Sheet /
[label_dangling]: Label not connected to anything
    ; error
    @(5.08 mm, 20.32 mm): Hierarchical Label 'BATT_IN'
[pin_not_connected]: Hierarchical label "BATT_IN" in root sheet cannot be connected to non-existent parent sheet
    ; error
    @(5.08 mm, 20.32 mm): Hierarchical Label 'BATT_IN'
[wire_dangling]: Wires not connected to anything
    ; error
    @(10.16 mm, 20.32 mm): Horizontal Wire, length 20.32 mm
[pin_not_connected]: Pin not connected
    ; error
    @(40.64 mm, 22.86 mm): Symbol U90 Pin 1 [CNFG, Input, Line]
[pin_not_connected]: Pin not connected
    ; error
    @(40.64 mm, 25.40 mm): Symbol U90 Pin 2 [RT, Input, Line]
[pin_not_connected]: Pin not connected
    ; error
    @(40.64 mm, 27.94 mm): Symbol U90 Pin 3 [EXTCOMP, Output, Line]
[pin_not_connected]: Pin not connected
    ; error
    @(40.64 mm, 30.48 mm): Symbol U90 Pin 4 [FB, Input, Line]
[pin_not_connected]: Pin not connected
    ; error
    @(40.64 mm, 33.02 mm): Symbol U90 Pin 5 [AGND, Power input, Line]
[pin_not_connected]: Pin not connected
    ; error
    @(40.64 mm, 35.56 mm): Symbol U90 Pin 6 [VDDA, Output, Line]
[wire_dangling]: Wires not connected to anything
    ; error
    @(40.64 mm, 35.56 mm): Horizontal Wire, length 8.89 mm
[label_dangling]: Label not connected to anything
    ; error
    @(31.75 mm, 45.72 mm): Label 'RT1'
[wire_dangling]: Wires not connected to anything
    ; error
    @(40.64 mm, 38.10 mm): Horizontal Wire, length 8.89 mm
[wire_dangling]: Wires not connected to anything
    ; error
    @(40.64 mm, 40.64 mm): Horizontal Wire, length 8.89 mm
[label_dangling]: Label not connected to anything
    ; error
    @(31.75 mm, 48.26 mm): Label 'CNFG1'
[wire_dangling]: Wires not connected to anything
    ; error
    @(40.64 mm, 43.18 mm): Horizontal Wire, length 8.89 mm
[label_dangling]: Label not connected to anything
    ; error
    @(31.75 mm, 55.88 mm): Label 'FB1'
[pin_not_connected]: Pin not connected
    ; error
    @(50.80 mm, 45.72 mm): Symbol R202 Pin 2 [Passive, Line]
[wire_dangling]: Wires not connected to anything
    ; error
    @(50.80 mm, 45.72 mm): Horizontal Wire, length 5.08 mm
[label_dangling]: Label not connected to anything
    ; error
    @(31.75 mm, 60.96 mm): Label 'VDDA1'
[pin_not_connected]: Pin not connected
    ; error
    @(40.64 mm, 55.88 mm): Symbol R204 Pin 1 [Passive, Line]
[wire_dangling]: Wires not connected to anything
    ; error
    @(40.64 mm, 55.88 mm): Horizontal Wire, length 5.08 mm
[pin_not_connected]: Pin not connected
    ; error
    @(50.80 mm, 48.26 mm): Symbol R200 Pin 2 [Passive, Line]
[wire_dangling]: Wires not connected to anything
    ; error
    @(50.80 mm, 48.26 mm): Horizontal Wire, length 5.08 mm
[pin_not_connected]: Pin not connected
    ; error
    @(40.64 mm, 60.96 mm): Symbol C206 Pin 1 [Passive, Line]
[wire_dangling]: Wires not connected to anything
    ; error
    @(40.64 mm, 60.96 mm): Horizontal Wire, length 5.08 mm
[pin_not_connected]: Pin not connected
    ; error
    @(71.12 mm, 20.32 mm): Symbol U90 Pin 10 [VIN, Power input, Line]
[wire_dangling]: Wires not connected to anything
    ; error
    @(71.12 mm, 20.32 mm): Horizontal Wire, length 5.08 mm
[pin_not_connected]: Pin not connected
    ; error
    @(71.12 mm, 22.86 mm): Symbol U90 Pin 11 [HO, Output, Line]
[wire_dangling]: Wires not connected to anything
    ; error
    @(71.12 mm, 22.86 mm): Horizontal Wire, length 5.08 mm
[wire_dangling]: Wires not connected to anything
    ; error
    @(50.80 mm, 55.88 mm): Horizontal Wire, length 5.08 mm
[pin_not_connected]: Pin not connected
    ; error
    @(71.12 mm, 27.94 mm): Symbol U90 Pin 13 [CBOOT, Passive, Line]
[wire_dangling]: Wires not connected to anything
    ; error
    @(71.12 mm, 27.94 mm): Horizontal Wire, length 5.08 mm
[pin_not_connected]: Pin not connected
    ; error
    @(71.12 mm, 30.48 mm): Symbol U90 Pin 8 [PGND, Power input, Line]
[wire_dangling]: Wires not connected to anything
    ; error
    @(71.12 mm, 30.48 mm): Horizontal Wire, length 5.08 mm
[pin_not_connected]: Pin not connected
    ; error
    @(71.12 mm, 33.02 mm): Symbol U90 Pin 9 [LO, Output, Line]
[wire_dangling]: Wires not connected to anything
    ; error
    @(71.12 mm, 33.02 mm): Horizontal Wire, length 5.08 mm
[pin_not_connected]: Pin not connected
    ; error
    @(50.80 mm, 60.96 mm): Symbol C206 Pin 2 [Passive, Line]
[wire_dangling]: Wires not connected to anything
    ; error
    @(50.80 mm, 60.96 mm): Horizontal Wire, length 5.08 mm
[pin_not_connected]: Pin not connected
    ; error
    @(71.12 mm, 35.56 mm): Symbol U90 Pin 7 [VCC, Power input, Line]
[wire_dangling]: Wires not connected to anything
    ; error
    @(71.12 mm, 35.56 mm): Horizontal Wire, length 5.08 mm
[pin_not_connected]: Pin not connected
    ; error
    @(71.12 mm, 38.10 mm): Symbol U90 Pin 14 [VCCX, Power input, Line]
[wire_dangling]: Wires not connected to anything
    ; error
    @(71.12 mm, 38.10 mm): Horizontal Wire, length 5.08 mm
[pin_not_connected]: Pin not connected
    ; error
    @(71.12 mm, 40.64 mm): Symbol U90 Pin 15 [PG/SYNCOUT, Output, Line]
[wire_dangling]: Wires not connected to anything
    ; error
    @(71.12 mm, 40.64 mm): Horizontal Wire, length 5.08 mm
[pin_not_connected]: Pin not connected
    ; error
    @(71.12 mm, 43.18 mm): Symbol U90 Pin 16 [PFM/SYNC, Input, Line]
[wire_dangling]: Wires not connected to anything
    ; error
    @(71.12 mm, 43.18 mm): Horizontal Wire, length 5.08 mm
[pin_not_connected]: Pin not connected
    ; error
    @(71.12 mm, 45.72 mm): Symbol U90 Pin 17 [EN, Input, Line]
[wire_dangling]: Wires not connected to anything
    ; error
    @(71.12 mm, 45.72 mm): Horizontal Wire, length 5.08 mm
[pin_not_connected]: Pin not connected
    ; error
    @(71.12 mm, 48.26 mm): Symbol U90 Pin 18 [ISNS+, Input, Line]
[wire_dangling]: Wires not connected to anything
    ; error
    @(71.12 mm, 48.26 mm): Horizontal Wire, length 5.08 mm
[pin_not_connected]: Pin not connected
    ; error
    @(71.12 mm, 50.80 mm): Symbol U90 Pin 19 [VOUT, Input, Line]
[wire_dangling]: Wires not connected to anything
    ; error
    @(71.12 mm, 50.80 mm): Horizontal Wire, length 5.08 mm
[pin_not_connected]: Pin not connected
    ; error
    @(40.64 mm, 83.82 mm): Symbol U91 Pin 1 [CNFG, Input, Line]
[label_dangling]: Label not connected to anything
    ; error
    @(88.90 mm, 30.48 mm): Label 'VCC1'
[wire_dangling]: Wires not connected to anything
    ; error
    @(55.88 mm, 76.20 mm): Vertical Wire, length 5.08 mm
[pin_not_connected]: Pin not connected
    ; error
    @(40.64 mm, 86.36 mm): Symbol U91 Pin 2 [RT, Input, Line]
[pin_not_connected]: Pin not connected
    ; error
    @(40.64 mm, 88.90 mm): Symbol U91 Pin 3 [EXTCOMP, Output, Line]
[pin_not_connected]: Pin not connected
    ; error
    @(40.64 mm, 91.44 mm): Symbol U91 Pin 4 [FB, Input, Line]
[label_dangling]: Label not connected to anything
    ; error
    @(88.90 mm, 47.00 mm): Label 'HO1'
[pin_not_connected]: Pin not connected
    ; error
    @(96.52 mm, 30.48 mm): Symbol C204 Pin 1 [Passive, Line]
[wire_dangling]: Wires not connected to anything
    ; error
    @(96.52 mm, 30.48 mm): Horizontal Wire, length 5.08 mm
[pin_not_connected]: Pin not connected
    ; error
    @(40.64 mm, 93.98 mm): Symbol U91 Pin 5 [AGND, Power input, Line]
[pin_not_connected]: Pin not connected
    ; error
    @(40.64 mm, 96.52 mm): Symbol U91 Pin 6 [VDDA, Output, Line]
[wire_dangling]: Wires not connected to anything
    ; error
    @(40.64 mm, 96.52 mm): Horizontal Wire, length 8.89 mm
[label_dangling]: Label not connected to anything
    ; error
    @(88.90 mm, 57.16 mm): Label 'LO1'
[wire_dangling]: Wires not connected to anything
    ; error
    @(40.64 mm, 99.06 mm): Horizontal Wire, length 8.89 mm
[pin_not_connected]: Pin not connected
    ; error
    @(71.12 mm, 81.28 mm): Symbol U91 Pin 10 [VIN, Power input, Line]
[wire_dangling]: Wires not connected to anything
    ; error
    @(71.12 mm, 81.28 mm): Horizontal Wire, length 5.08 mm
[wire_dangling]: Wires not connected to anything
    ; error
    @(40.64 mm, 101.60 mm): Horizontal Wire, length 8.89 mm
[pin_not_connected]: Pin not connected
    ; error
    @(71.12 mm, 83.82 mm): Symbol U91 Pin 11 [HO, Output, Line]
[wire_dangling]: Wires not connected to anything
    ; error
    @(71.12 mm, 83.82 mm): Horizontal Wire, length 5.08 mm
[pin_not_connected]: Pin not connected
    ; error
    @(106.68 mm, 30.48 mm): Symbol C204 Pin 2 [Passive, Line]
[wire_dangling]: Wires not connected to anything
    ; error
    @(106.68 mm, 30.48 mm): Horizontal Wire, length 5.08 mm
[label_dangling]: Label not connected to anything
    ; error
    @(31.75 mm, 106.68 mm): Label 'RT2'
[wire_dangling]: Wires not connected to anything
    ; error
    @(40.64 mm, 104.14 mm): Horizontal Wire, length 8.89 mm
[pin_not_connected]: Pin not connected
    ; error
    @(71.12 mm, 86.36 mm): Symbol U91 Pin 12 [SW, Passive, Line]
[wire_dangling]: Wires not connected to anything
    ; error
    @(71.12 mm, 86.36 mm): Horizontal Wire, length 5.08 mm
[label_dangling]: Label not connected to anything
    ; error
    @(31.75 mm, 109.22 mm): Label 'CNFG2'
[pin_not_connected]: Pin not connected
    ; error
    @(71.12 mm, 88.90 mm): Symbol U91 Pin 13 [CBOOT, Passive, Line]
[wire_dangling]: Wires not connected to anything
    ; error
    @(71.12 mm, 88.90 mm): Horizontal Wire, length 5.08 mm
[pin_not_connected]: Pin not connected
    ; error
    @(71.12 mm, 91.44 mm): Symbol U91 Pin 8 [PGND, Power input, Line]
[pin_not_connected]: Pin not connected
    ; error
    @(71.12 mm, 93.98 mm): Symbol U91 Pin 9 [LO, Output, Line]
[wire_dangling]: Wires not connected to anything
    ; error
    @(71.12 mm, 93.98 mm): Horizontal Wire, length 5.08 mm
[pin_not_connected]: Pin not connected
    ; error
    @(50.80 mm, 106.68 mm): Symbol R203 Pin 2 [Passive, Line]
[wire_dangling]: Wires not connected to anything
    ; error
    @(50.80 mm, 106.68 mm): Horizontal Wire, length 5.08 mm
[pin_not_connected]: Pin not connected
    ; error
    @(71.12 mm, 96.52 mm): Symbol U91 Pin 7 [VCC, Power input, Line]
[wire_dangling]: Wires not connected to anything
    ; error
    @(71.12 mm, 96.52 mm): Horizontal Wire, length 5.08 mm
[pin_not_connected]: Pin not connected
    ; error
    @(50.80 mm, 109.22 mm): Symbol R201 Pin 2 [Passive, Line]
[wire_dangling]: Wires not connected to anything
    ; error
    @(50.80 mm, 109.22 mm): Horizontal Wire, length 5.08 mm
[pin_not_connected]: Pin not connected
    ; error
    @(71.12 mm, 99.06 mm): Symbol U91 Pin 14 [VCCX, Power input, Line]
[wire_dangling]: Wires not connected to anything
    ; error
    @(71.12 mm, 99.06 mm): Horizontal Wire, length 5.08 mm
[pin_not_connected]: Pin not connected
    ; error
    @(111.76 mm, 50.80 mm): Symbol Q90 Pin 4 [G2, Input, Line]
[wire_dangling]: Wires not connected to anything
    ; error
    @(111.76 mm, 50.80 mm): Horizontal Wire, length 5.08 mm
[pin_not_connected]: Pin not connected
    ; error
    @(121.92 mm, 20.32 mm): Symbol C200 Pin 1 [Passive, Line]
[wire_dangling]: Wires not connected to anything
    ; error
    @(121.92 mm, 20.32 mm): Horizontal Wire, length 5.08 mm
[pin_not_connected]: Pin not connected
    ; error
    @(71.12 mm, 101.60 mm): Symbol U91 Pin 15 [PG/SYNCOUT, Output, Line]
[wire_dangling]: Wires not connected to anything
    ; error
    @(71.12 mm, 101.60 mm): Horizontal Wire, length 5.08 mm
[label_dangling]: Label not connected to anything
    ; error
    @(31.75 mm, 121.92 mm): Label 'VDDA2'
[pin_not_connected]: Pin not connected
    ; error
    @(20.32 mm, 124.46 mm): Symbol R207 Pin 1 [Passive, Line]
[wire_dangling]: Wires not connected to anything
    ; error
    @(20.32 mm, 124.46 mm): Horizontal Wire, length 5.08 mm
[label_dangling]: Label not connected to anything
    ; error
    @(88.90 mm, 91.44 mm): Label 'VCC2'
[pin_not_connected]: Pin not connected
    ; error
    @(124.46 mm, 30.48 mm): Symbol Q90 Pin 8 [D1, Passive, Line]
[wire_dangling]: Wires not connected to anything
    ; error
    @(124.46 mm, 30.48 mm): Vertical Wire, length 5.08 mm
[pin_not_connected]: Pin not connected
    ; error
    @(71.12 mm, 106.68 mm): Symbol U91 Pin 17 [EN, Input, Line]
[wire_dangling]: Wires not connected to anything
    ; error
    @(71.12 mm, 106.68 mm): Horizontal Wire, length 5.08 mm
[label_dangling]: Label not connected to anything
    ; error
    @(32.00 mm, 124.46 mm): Label 'BEC_EN'
[pin_not_connected]: Pin not connected
    ; error
    @(40.64 mm, 121.92 mm): Symbol C207 Pin 1 [Passive, Line]
[wire_dangling]: Wires not connected to anything
    ; error
    @(40.64 mm, 121.92 mm): Horizontal Wire, length 5.08 mm
[pin_not_connected]: Pin not connected
    ; error
    @(55.88 mm, 116.84 mm): Symbol U91 Pin 20 [EP, Passive, Line]
[pin_not_connected]: Pin not connected
    ; error
    @(71.12 mm, 109.22 mm): Symbol U91 Pin 18 [ISNS+, Input, Line]
[wire_dangling]: Wires not connected to anything
    ; error
    @(71.12 mm, 109.22 mm): Horizontal Wire, length 5.08 mm
[pin_not_connected]: Pin not connected
    ; error
    @(20.32 mm, 129.54 mm): Symbol R208 Pin 1 [Passive, Line]
[wire_dangling]: Wires not connected to anything
    ; error
    @(20.32 mm, 129.54 mm): Horizontal Wire, length 5.08 mm
[pin_not_connected]: Pin not connected
    ; error
    @(50.80 mm, 121.92 mm): Symbol C207 Pin 2 [Passive, Line]
[wire_dangling]: Wires not connected to anything
    ; error
    @(50.80 mm, 121.92 mm): Horizontal Wire, length 5.08 mm
[pin_not_connected]: Pin not connected
    ; error
    @(71.12 mm, 111.76 mm): Symbol U91 Pin 19 [VOUT, Input, Line]
[wire_dangling]: Wires not connected to anything
    ; error
    @(71.12 mm, 111.76 mm): Horizontal Wire, length 5.08 mm
[pin_not_connected]: Pin not connected
    ; error
    @(96.52 mm, 91.44 mm): Symbol C205 Pin 1 [Passive, Line]
[wire_dangling]: Wires not connected to anything
    ; error
    @(96.52 mm, 91.44 mm): Horizontal Wire, length 5.08 mm
[pin_not_connected]: Pin not connected
    ; error
    @(30.48 mm, 129.54 mm): Symbol R208 Pin 2 [Passive, Line]
[wire_dangling]: Wires not connected to anything
    ; error
    @(30.48 mm, 129.54 mm): Horizontal Wire, length 5.08 mm
[pin_not_connected]: Pin not connected
    ; error
    @(132.08 mm, 20.32 mm): Symbol C200 Pin 2 [Passive, Line]
[wire_dangling]: Wires not connected to anything
    ; error
    @(132.08 mm, 20.32 mm): Horizontal Wire, length 5.08 mm
[pin_not_connected]: Pin not connected
    ; error
    @(45.72 mm, 127.00 mm): Symbol Q92 Pin 3 [D, Passive, Line]
[wire_dangling]: Wires not connected to anything
    ; error
    @(45.72 mm, 127.00 mm): Horizontal Wire, length 5.08 mm
[label_dangling]: Label not connected to anything
    ; error
    @(88.90 mm, 101.60 mm): Label 'CBOOT2'
[label_dangling]: Label not connected to anything
    ; error
    @(5.08 mm, 137.16 mm): Hierarchical Label 'BEC_SHDN'
[pin_not_connected]: Hierarchical label "BEC_SHDN" in root sheet cannot be connected to non-existent parent sheet
    ; error
    @(5.08 mm, 137.16 mm): Hierarchical Label 'BEC_SHDN'
[pin_not_connected]: Pin not connected
    ; error
    @(38.10 mm, 132.08 mm): Symbol Q92 Pin 1 [G, Input, Line]
[wire_dangling]: Wires not connected to anything
    ; error
    @(38.10 mm, 132.08 mm): Horizontal Wire, length 5.08 mm
[pin_not_connected]: Pin not connected
    ; error
    @(124.46 mm, 60.96 mm): Symbol Q90 Pin 3 [S2, Passive, Line]
[wire_dangling]: Wires not connected to anything
    ; error
    @(124.46 mm, 60.96 mm): Vertical Wire, length 5.08 mm
[label_dangling]: Label not connected to anything
    ; error
    @(88.90 mm, 108.00 mm): Label 'HO2'
[pin_not_connected]: Pin not connected
    ; error
    @(96.52 mm, 101.60 mm): Symbol C203 Pin 1 [Passive, Line]
[wire_dangling]: Wires not connected to anything
    ; error
    @(96.52 mm, 101.60 mm): Horizontal Wire, length 5.08 mm
[pin_not_connected]: Pin not connected
    ; error
    @(30.48 mm, 137.16 mm): Symbol R209 Pin 2 [Passive, Line]
[wire_dangling]: Wires not connected to anything
    ; error
    @(30.48 mm, 137.16 mm): Horizontal Wire, length 5.08 mm
[pin_not_connected]: Pin not connected
    ; error
    @(45.72 mm, 137.16 mm): Symbol Q92 Pin 2 [S, Passive, Line]
[wire_dangling]: Wires not connected to anything
    ; error
    @(45.72 mm, 137.16 mm): Horizontal Wire, length 5.08 mm
[pin_not_connected]: Pin not connected
    ; error
    @(121.92 mm, 81.28 mm): Symbol C201 Pin 1 [Passive, Line]
[wire_dangling]: Wires not connected to anything
    ; error
    @(121.92 mm, 81.28 mm): Horizontal Wire, length 5.08 mm
[label_dangling]: Label not connected to anything
    ; error
    @(88.90 mm, 118.11 mm): Label 'LO2'
[pin_not_connected]: Hierarchical label "GND" in root sheet cannot be connected to non-existent parent sheet
    ; error
    @(5.08 mm, 149.86 mm): Hierarchical Label 'GND'
[wire_dangling]: Wires not connected to anything
    ; error
    @(10.16 mm, 149.86 mm): Horizontal Wire, length 20.32 mm
[label_dangling]: Label not connected to anything
    ; error
    @(88.90 mm, 121.92 mm): Label 'SYNC_BEC'
[wire_dangling]: Wires not connected to anything
    ; error
    @(111.76 mm, 101.60 mm): Horizontal Wire, length 5.08 mm
    @(106.68 mm, 101.60 mm): Horizontal Wire, length 5.08 mm
[label_dangling]: Label not connected to anything
    ; error
    @(32.00 mm, 149.86 mm): Label 'GND'
[pin_not_connected]: Pin not connected
    ; error
    @(124.46 mm, 91.44 mm): Symbol Q91 Pin 7 [D1, Passive, Line]
[wire_dangling]: Wires not connected to anything
    ; error
    @(124.46 mm, 91.44 mm): Vertical Wire, length 5.08 mm
[pin_not_connected]: Pin not connected
    ; error
    @(132.08 mm, 81.28 mm): Symbol C201 Pin 2 [Passive, Line]
[wire_dangling]: Wires not connected to anything
    ; error
    @(132.08 mm, 81.28 mm): Horizontal Wire, length 5.08 mm
[pin_not_connected]: Pin not connected
    ; error
    @(96.52 mm, 121.92 mm): Symbol R205 Pin 1 [Passive, Line]
[wire_dangling]: Wires not connected to anything
    ; error
    @(96.52 mm, 121.92 mm): Horizontal Wire, length 5.08 mm
[pin_not_connected]: Pin not connected
    ; error
    @(111.76 mm, 111.76 mm): Symbol Q91 Pin 4 [G2, Input, Line]
[wire_dangling]: Wires not connected to anything
    ; error
    @(111.76 mm, 111.76 mm): Horizontal Wire, length 5.08 mm
[pin_not_connected]: Pin not connected
    ; error
    @(106.68 mm, 121.92 mm): Symbol R205 Pin 2 [Passive, Line]
[wire_dangling]: Wires not connected to anything
    ; error
    @(106.68 mm, 121.92 mm): Horizontal Wire, length 5.08 mm
[label_dangling]: Label not connected to anything
    ; error
    @(88.90 mm, 137.16 mm): Label 'BEC_COMP'
[pin_not_connected]: Pin not connected
    ; error
    @(96.52 mm, 137.16 mm): Symbol R206 Pin 1 [Passive, Line]
[wire_dangling]: Wires not connected to anything
    ; error
    @(96.52 mm, 137.16 mm): Horizontal Wire, length 5.08 mm
[pin_not_connected]: Pin not connected
    ; error
    @(106.68 mm, 132.08 mm): Symbol C208 Pin 1 [Passive, Line]
[wire_dangling]: Wires not connected to anything
    ; error
    @(106.68 mm, 132.08 mm): Horizontal Wire, length 5.08 mm
[pin_not_connected]: Pin not connected
    ; error
    @(124.46 mm, 121.92 mm): Symbol Q91 Pin 3 [S2, Passive, Line]
[wire_dangling]: Wires not connected to anything
    ; error
    @(124.46 mm, 121.92 mm): Vertical Wire, length 5.08 mm
[pin_not_connected]: Pin not connected
    ; error
    @(116.84 mm, 132.08 mm): Symbol C208 Pin 2 [Passive, Line]
[wire_dangling]: Wires not connected to anything
    ; error
    @(116.84 mm, 132.08 mm): Horizontal Wire, length 5.08 mm
[pin_not_connected]: Pin not connected
    ; error
    @(177.80 mm, 45.72 mm): Symbol R210 Pin 2 [Passive, Line]
[wire_dangling]: Wires not connected to anything
    ; error
    @(177.80 mm, 45.72 mm): Horizontal Wire, length 5.08 mm
[pin_not_connected]: Pin not connected
    ; error
    @(167.64 mm, 80.01 mm): Symbol C212 Pin 1 [Passive, Line]
[wire_dangling]: Wires not connected to anything
    ; error
    @(167.64 mm, 80.01 mm): Horizontal Wire, length 5.08 mm
[label_dangling]: Label not connected to anything
    ; error
    @(175.26 mm, 80.01 mm): Label 'BEC_5V'
[label_dangling]: Label not connected to anything
    ; error
    @(182.88 mm, 80.01 mm): Hierarchical Label 'BEC_5V'
[pin_not_connected]: Hierarchical label "BEC_5V" in root sheet cannot be connected to non-existent parent sheet
    ; error
    @(182.88 mm, 80.01 mm): Hierarchical Label 'BEC_5V'
[pin_not_connected]: Pin not connected
    ; error
    @(177.80 mm, 106.68 mm): Symbol R211 Pin 2 [Passive, Line]
[wire_dangling]: Wires not connected to anything
    ; error
    @(177.80 mm, 106.68 mm): Horizontal Wire, length 5.08 mm
[unconnected_wire_endpoint]: Unconnected wire endpoint
    ; warning
    @(10.16 mm, 20.32 mm): Horizontal Wire, length 20.32 mm
[unconnected_wire_endpoint]: Unconnected wire endpoint
    ; warning
    @(10.16 mm, 20.32 mm): Horizontal Wire, length 20.32 mm
[unconnected_wire_endpoint]: Unconnected wire endpoint
    ; warning
    @(40.64 mm, 35.56 mm): Horizontal Wire, length 8.89 mm
[unconnected_wire_endpoint]: Unconnected wire endpoint
    ; warning
    @(40.64 mm, 38.10 mm): Horizontal Wire, length 8.89 mm
[unconnected_wire_endpoint]: Unconnected wire endpoint
    ; warning
    @(40.64 mm, 40.64 mm): Horizontal Wire, length 8.89 mm
[unconnected_wire_endpoint]: Unconnected wire endpoint
    ; warning
    @(40.64 mm, 43.18 mm): Horizontal Wire, length 8.89 mm
[footprint_link_issues]: Footprint 'VQFN-19-1EP_4.5x3.5mm_P0.5mm_EP1.7x2.3mm' not found in library 'Package_DFN_QFN'.
    ; warning
    @(40.64 mm, 35.56 mm): Symbol U90 [LM5148PSQRGYRQ1]
[lib_symbol_issues]: The current configuration does not include the symbol library 'BEC'
    ; warning
    @(40.64 mm, 35.56 mm): Symbol U90 [LM5148PSQRGYRQ1]
[unconnected_wire_endpoint]: Unconnected wire endpoint
    ; warning
    @(40.64 mm, 38.10 mm): Horizontal Wire, length 8.89 mm
[unconnected_wire_endpoint]: Unconnected wire endpoint
    ; warning
    @(40.64 mm, 40.64 mm): Horizontal Wire, length 8.89 mm
[unconnected_wire_endpoint]: Unconnected wire endpoint
    ; warning
    @(40.64 mm, 45.72 mm): Horizontal Wire, length 5.08 mm
[unconnected_wire_endpoint]: Unconnected wire endpoint
    ; warning
    @(40.64 mm, 43.18 mm): Horizontal Wire, length 8.89 mm
[unconnected_wire_endpoint]: Unconnected wire endpoint
    ; warning
    @(55.88 mm, 15.24 mm): Vertical Wire, length 5.08 mm
[unconnected_wire_endpoint]: Unconnected wire endpoint
    ; warning
    @(40.64 mm, 48.26 mm): Horizontal Wire, length 5.08 mm
[lib_symbol_issues]: The current configuration does not include the symbol library 'BEC'
    ; warning
    @(40.64 mm, 45.72 mm): Symbol R202 [R]
[lib_symbol_issues]: The current configuration does not include the symbol library 'BEC'
    ; warning
    @(40.64 mm, 48.26 mm): Symbol R200 [R]
[unconnected_wire_endpoint]: Unconnected wire endpoint
    ; warning
    @(40.64 mm, 55.88 mm): Horizontal Wire, length 5.08 mm
[lib_symbol_issues]: The current configuration does not include the symbol library 'BEC'
    ; warning
    @(40.64 mm, 55.88 mm): Symbol R204 [R]
[unconnected_wire_endpoint]: Unconnected wire endpoint
    ; warning
    @(40.64 mm, 60.96 mm): Horizontal Wire, length 5.08 mm
[unconnected_wire_endpoint]: Unconnected wire endpoint
    ; warning
    @(50.80 mm, 45.72 mm): Horizontal Wire, length 5.08 mm
[lib_symbol_issues]: The current configuration does not include the symbol library 'BEC'
    ; warning
    @(40.64 mm, 60.96 mm): Symbol C206 [C]
[unconnected_wire_endpoint]: Unconnected wire endpoint
    ; warning
    @(50.80 mm, 48.26 mm): Horizontal Wire, length 5.08 mm
[unconnected_wire_endpoint]: Unconnected wire endpoint
    ; warning
    @(71.12 mm, 20.32 mm): Horizontal Wire, length 5.08 mm
[unconnected_wire_endpoint]: Unconnected wire endpoint
    ; warning
    @(71.12 mm, 22.86 mm): Horizontal Wire, length 5.08 mm
[unconnected_wire_endpoint]: Unconnected wire endpoint
    ; warning
    @(71.12 mm, 25.40 mm): Horizontal Wire, length 5.08 mm
[unconnected_wire_endpoint]: Unconnected wire endpoint
    ; warning
    @(71.12 mm, 27.94 mm): Horizontal Wire, length 5.08 mm
[unconnected_wire_endpoint]: Unconnected wire endpoint
    ; warning
    @(71.12 mm, 30.48 mm): Horizontal Wire, length 5.08 mm
[unconnected_wire_endpoint]: Unconnected wire endpoint
    ; warning
    @(50.80 mm, 60.96 mm): Horizontal Wire, length 5.08 mm
[unconnected_wire_endpoint]: Unconnected wire endpoint
    ; warning
    @(71.12 mm, 33.02 mm): Horizontal Wire, length 5.08 mm
[unconnected_wire_endpoint]: Unconnected wire endpoint
    ; warning
    @(71.12 mm, 35.56 mm): Horizontal Wire, length 5.08 mm
[unconnected_wire_endpoint]: Unconnected wire endpoint
    ; warning
    @(71.12 mm, 38.10 mm): Horizontal Wire, length 5.08 mm
[unconnected_wire_endpoint]: Unconnected wire endpoint
    ; warning
    @(71.12 mm, 40.64 mm): Horizontal Wire, length 5.08 mm
[unconnected_wire_endpoint]: Unconnected wire endpoint
    ; warning
    @(71.12 mm, 43.18 mm): Horizontal Wire, length 5.08 mm
[unconnected_wire_endpoint]: Unconnected wire endpoint
    ; warning
    @(71.12 mm, 45.72 mm): Horizontal Wire, length 5.08 mm
[unconnected_wire_endpoint]: Unconnected wire endpoint
    ; warning
    @(71.12 mm, 48.26 mm): Horizontal Wire, length 5.08 mm
[unconnected_wire_endpoint]: Unconnected wire endpoint
    ; warning
    @(71.12 mm, 50.80 mm): Horizontal Wire, length 5.08 mm
[unconnected_wire_endpoint]: Unconnected wire endpoint
    ; warning
    @(55.88 mm, 76.20 mm): Vertical Wire, length 5.08 mm
[unconnected_wire_endpoint]: Unconnected wire endpoint
    ; warning
    @(96.52 mm, 30.48 mm): Horizontal Wire, length 5.08 mm
[unconnected_wire_endpoint]: Unconnected wire endpoint
    ; warning
    @(55.88 mm, 76.20 mm): Vertical Wire, length 5.08 mm
[lib_symbol_issues]: The current configuration does not include the symbol library 'BEC'
    ; warning
    @(96.52 mm, 30.48 mm): Symbol C204 [C]
[unconnected_wire_endpoint]: Unconnected wire endpoint
    ; warning
    @(40.64 mm, 96.52 mm): Horizontal Wire, length 8.89 mm
[unconnected_wire_endpoint]: Unconnected wire endpoint
    ; warning
    @(40.64 mm, 99.06 mm): Horizontal Wire, length 8.89 mm
[footprint_link_issues]: Footprint 'VQFN-19-1EP_4.5x3.5mm_P0.5mm_EP1.7x2.3mm' not found in library 'Package_DFN_QFN'.
    ; warning
    @(40.64 mm, 96.52 mm): Symbol U91 [LM5148PSQRGYRQ1]
[lib_symbol_issues]: The current configuration does not include the symbol library 'BEC'
    ; warning
    @(40.64 mm, 96.52 mm): Symbol U91 [LM5148PSQRGYRQ1]
[unconnected_wire_endpoint]: Unconnected wire endpoint
    ; warning
    @(40.64 mm, 101.60 mm): Horizontal Wire, length 8.89 mm
[unconnected_wire_endpoint]: Unconnected wire endpoint
    ; warning
    @(40.64 mm, 99.06 mm): Horizontal Wire, length 8.89 mm
[unconnected_wire_endpoint]: Unconnected wire endpoint
    ; warning
    @(40.64 mm, 104.14 mm): Horizontal Wire, length 8.89 mm
[unconnected_wire_endpoint]: Unconnected wire endpoint
    ; warning
    @(40.64 mm, 101.60 mm): Horizontal Wire, length 8.89 mm
[unconnected_wire_endpoint]: Unconnected wire endpoint
    ; warning
    @(71.12 mm, 81.28 mm): Horizontal Wire, length 5.08 mm
[unconnected_wire_endpoint]: Unconnected wire endpoint
    ; warning
    @(40.64 mm, 104.14 mm): Horizontal Wire, length 8.89 mm
[unconnected_wire_endpoint]: Unconnected wire endpoint
    ; warning
    @(40.64 mm, 106.68 mm): Horizontal Wire, length 5.08 mm
[unconnected_wire_endpoint]: Unconnected wire endpoint
    ; warning
    @(71.12 mm, 83.82 mm): Horizontal Wire, length 5.08 mm
[lib_symbol_issues]: The current configuration does not include the symbol library 'BEC'
    ; warning
    @(40.64 mm, 106.68 mm): Symbol R203 [R]
[unconnected_wire_endpoint]: Unconnected wire endpoint
    ; warning
    @(40.64 mm, 109.22 mm): Horizontal Wire, length 5.08 mm
[unconnected_wire_endpoint]: Unconnected wire endpoint
    ; warning
    @(71.12 mm, 86.36 mm): Horizontal Wire, length 5.08 mm
[lib_symbol_issues]: The current configuration does not include the symbol library 'BEC'
    ; warning
    @(40.64 mm, 109.22 mm): Symbol R201 [R]
[unconnected_wire_endpoint]: Unconnected wire endpoint
    ; warning
    @(71.12 mm, 88.90 mm): Horizontal Wire, length 5.08 mm
[unconnected_wire_endpoint]: Unconnected wire endpoint
    ; warning
    @(121.92 mm, 20.32 mm): Horizontal Wire, length 5.08 mm
[unconnected_wire_endpoint]: Unconnected wire endpoint
    ; warning
    @(50.80 mm, 106.68 mm): Horizontal Wire, length 5.08 mm
[footprint_link_issues]: Footprint 'LFPAK56D' not found in library 'Package_TO_SOT_SMD'.
    ; warning
    @(111.76 mm, 45.72 mm): Symbol Q90 [BUK9K12-80LX]
[lib_symbol_issues]: The current configuration does not include the symbol library 'BEC'
    ; warning
    @(111.76 mm, 45.72 mm): Symbol Q90 [BUK9K12-80LX]
[unconnected_wire_endpoint]: Unconnected wire endpoint
    ; warning
    @(71.12 mm, 93.98 mm): Horizontal Wire, length 5.08 mm
[unconnected_wire_endpoint]: Unconnected wire endpoint
    ; warning
    @(50.80 mm, 109.22 mm): Horizontal Wire, length 5.08 mm
[unconnected_wire_endpoint]: Unconnected wire endpoint
    ; warning
    @(71.12 mm, 96.52 mm): Horizontal Wire, length 5.08 mm
[lib_symbol_issues]: The current configuration does not include the symbol library 'BEC'
    ; warning
    @(121.92 mm, 20.32 mm): Symbol C200 [C]
[unconnected_wire_endpoint]: Unconnected wire endpoint
    ; warning
    @(71.12 mm, 99.06 mm): Horizontal Wire, length 5.08 mm
[unconnected_wire_endpoint]: Unconnected wire endpoint
    ; warning
    @(20.32 mm, 124.46 mm): Horizontal Wire, length 5.08 mm
[lib_symbol_issues]: The current configuration does not include the symbol library 'BEC'
    ; warning
    @(20.32 mm, 124.46 mm): Symbol R207 [R]
[unconnected_wire_endpoint]: Unconnected wire endpoint
    ; warning
    @(40.64 mm, 121.92 mm): Horizontal Wire, length 5.08 mm
[lib_symbol_issues]: The current configuration does not include the symbol library 'BEC'
    ; warning
    @(40.64 mm, 121.92 mm): Symbol C207 [C]
[unconnected_wire_endpoint]: Unconnected wire endpoint
    ; warning
    @(71.12 mm, 104.14 mm): Horizontal Wire, length 5.08 mm
[unconnected_wire_endpoint]: Unconnected wire endpoint
    ; warning
    @(96.52 mm, 91.44 mm): Horizontal Wire, length 5.08 mm
[unconnected_wire_endpoint]: Unconnected wire endpoint
    ; warning
    @(30.48 mm, 124.46 mm): Horizontal Wire, length 5.08 mm
[unconnected_wire_endpoint]: Unconnected wire endpoint
    ; warning
    @(20.32 mm, 129.54 mm): Horizontal Wire, length 5.08 mm
[unconnected_wire_endpoint]: Unconnected wire endpoint
    ; warning
    @(71.12 mm, 106.68 mm): Horizontal Wire, length 5.08 mm
[lib_symbol_issues]: The current configuration does not include the symbol library 'BEC'
    ; warning
    @(20.32 mm, 129.54 mm): Symbol R208 [R]
[lib_symbol_issues]: The current configuration does not include the symbol library 'BEC'
    ; warning
    @(96.52 mm, 91.44 mm): Symbol C205 [C]
[unconnected_wire_endpoint]: Unconnected wire endpoint
    ; warning
    @(71.12 mm, 109.22 mm): Horizontal Wire, length 5.08 mm
[unconnected_wire_endpoint]: Unconnected wire endpoint
    ; warning
    @(50.80 mm, 121.92 mm): Horizontal Wire, length 5.08 mm
[unconnected_wire_endpoint]: Unconnected wire endpoint
    ; warning
    @(30.48 mm, 129.54 mm): Horizontal Wire, length 5.08 mm
[unconnected_wire_endpoint]: Unconnected wire endpoint
    ; warning
    @(71.12 mm, 111.76 mm): Horizontal Wire, length 5.08 mm
[unconnected_wire_endpoint]: Unconnected wire endpoint
    ; warning
    @(38.10 mm, 132.08 mm): Horizontal Wire, length 5.08 mm
[unconnected_wire_endpoint]: Unconnected wire endpoint
    ; warning
    @(124.46 mm, 60.96 mm): Vertical Wire, length 5.08 mm
[unconnected_wire_endpoint]: Unconnected wire endpoint
    ; warning
    @(96.52 mm, 101.60 mm): Horizontal Wire, length 5.08 mm
[unconnected_wire_endpoint]: Unconnected wire endpoint
    ; warning
    @(45.72 mm, 127.00 mm): Horizontal Wire, length 5.08 mm
[unconnected_wire_endpoint]: Unconnected wire endpoint
    ; warning
    @(15.24 mm, 137.16 mm): Horizontal Wire, length 1.27 mm
[lib_symbol_issues]: The current configuration does not include the symbol library 'BEC'
    ; warning
    @(20.32 mm, 137.16 mm): Symbol R209 [R]
[lib_symbol_issues]: The current configuration does not include the symbol library 'BEC'
    ; warning
    @(43.18 mm, 132.08 mm): Symbol Q92 [NX138AKHH]
[lib_symbol_issues]: The current configuration does not include the symbol library 'BEC'
    ; warning
    @(96.52 mm, 101.60 mm): Symbol C203 [C]
[unconnected_wire_endpoint]: Unconnected wire endpoint
    ; warning
    @(30.48 mm, 137.16 mm): Horizontal Wire, length 5.08 mm
[unconnected_wire_endpoint]: Unconnected wire endpoint
    ; warning
    @(121.92 mm, 81.28 mm): Horizontal Wire, length 5.08 mm
[unconnected_wire_endpoint]: Unconnected wire endpoint
    ; warning
    @(106.68 mm, 91.44 mm): Horizontal Wire, length 5.08 mm
[unconnected_wire_endpoint]: Unconnected wire endpoint
    ; warning
    @(45.72 mm, 137.16 mm): Horizontal Wire, length 5.08 mm
[lib_symbol_issues]: The current configuration does not include the symbol library 'BEC'
    ; warning
    @(121.92 mm, 81.28 mm): Symbol C201 [C]
[unconnected_wire_endpoint]: Unconnected wire endpoint
    ; warning
    @(10.16 mm, 149.86 mm): Horizontal Wire, length 20.32 mm
[unconnected_wire_endpoint]: Unconnected wire endpoint
    ; warning
    @(96.52 mm, 121.92 mm): Horizontal Wire, length 5.08 mm
[unconnected_wire_endpoint]: Unconnected wire endpoint
    ; warning
    @(10.16 mm, 149.86 mm): Horizontal Wire, length 20.32 mm
[lib_symbol_issues]: The current configuration does not include the symbol library 'BEC'
    ; warning
    @(147.32 mm, 45.72 mm): Symbol L90 [L]
[unconnected_wire_endpoint]: Unconnected wire endpoint
    ; warning
    @(111.76 mm, 111.76 mm): Horizontal Wire, length 5.08 mm
[lib_symbol_issues]: The current configuration does not include the symbol library 'BEC'
    ; warning
    @(96.52 mm, 121.92 mm): Symbol R205 [R]
[unconnected_wire_endpoint]: Unconnected wire endpoint
    ; warning
    @(124.46 mm, 91.44 mm): Vertical Wire, length 5.08 mm
[unconnected_wire_endpoint]: Unconnected wire endpoint
    ; warning
    @(132.08 mm, 81.28 mm): Horizontal Wire, length 5.08 mm
[unconnected_wire_endpoint]: Unconnected wire endpoint
    ; warning
    @(96.52 mm, 137.16 mm): Horizontal Wire, length 5.08 mm
[unconnected_wire_endpoint]: Unconnected wire endpoint
    ; warning
    @(106.68 mm, 121.92 mm): Horizontal Wire, length 5.08 mm
[unconnected_wire_endpoint]: Unconnected wire endpoint
    ; warning
    @(106.68 mm, 132.08 mm): Horizontal Wire, length 5.08 mm
[lib_symbol_issues]: The current configuration does not include the symbol library 'BEC'
    ; warning
    @(96.52 mm, 137.16 mm): Symbol R206 [R]
[lib_symbol_issues]: The current configuration does not include the symbol library 'BEC'
    ; warning
    @(106.68 mm, 132.08 mm): Symbol C208 [C]
[unconnected_wire_endpoint]: Unconnected wire endpoint
    ; warning
    @(124.46 mm, 121.92 mm): Vertical Wire, length 5.08 mm
[lib_symbol_issues]: The current configuration does not include the symbol library 'BEC'
    ; warning
    @(167.64 mm, 45.72 mm): Symbol R210 [R]
[unconnected_wire_endpoint]: Unconnected wire endpoint
    ; warning
    @(106.68 mm, 137.16 mm): Horizontal Wire, length 5.08 mm
[unconnected_wire_endpoint]: Unconnected wire endpoint
    ; warning
    @(116.84 mm, 132.08 mm): Horizontal Wire, length 5.08 mm
[unconnected_wire_endpoint]: Unconnected wire endpoint
    ; warning
    @(167.64 mm, 80.01 mm): Horizontal Wire, length 5.08 mm
[lib_symbol_issues]: The current configuration does not include the symbol library 'BEC'
    ; warning
    @(147.32 mm, 106.68 mm): Symbol L91 [L]
[lib_symbol_issues]: The current configuration does not include the symbol library 'BEC'
    ; warning
    @(167.64 mm, 80.01 mm): Symbol C212 [C]
[unconnected_wire_endpoint]: Unconnected wire endpoint
    ; warning
    @(177.80 mm, 45.72 mm): Horizontal Wire, length 5.08 mm
[unconnected_wire_endpoint]: Unconnected wire endpoint
    ; warning
    @(175.26 mm, 80.01 mm): Horizontal Wire, length 5.08 mm
[lib_symbol_issues]: The current configuration does not include the symbol library 'BEC'
    ; warning
    @(167.64 mm, 106.68 mm): Symbol R211 [R]
[unconnected_wire_endpoint]: Unconnected wire endpoint
    ; warning
    @(177.80 mm, 106.68 mm): Horizontal Wire, length 5.08 mm

 ** ERC messages: 293  Errors 175  Warnings 118
