ninja: Entering directory `build'
[1/4] Linking target test_main
FAILED: [code=1] test_main 
"arm-none-eabi-gcc"  -o test_main test_main.p/tests_test_main.c.o test_main.p/src_main_board_low_level_gpio.c.o test_main.p/src_main_board_hardware_defs_pins.c.o test_main.p/src_common_math_utils.c.o test_main.p/src_common_filter.c.o test_main.p/src_common_ring_buffer.c.o test_main.p/src_common_crc.c.o test_main.p/src_common_watchdog.c.o test_main.p/src_common_scheduler.c.o test_main.p/src_common_assert.c.o "-Wl,--as-needed" "-Wl,--no-undefined" "-mcpu=cortex-m33" "-mthumb" "-mfloat-abi=hard" "-mfpu=fpv5-d16" "--specs=nosys.specs" "--specs=nano.specs" "-TD:/CodeProjects/drone-arm/src/main_board/linker_script.ld" "-Wl,--start-group" "-lc" "-lm" "-lnosys" "-Wl,--end-group"
c:/program files (x86)/gnu arm embedded toolchain/10 2021.10/bin/../lib/gcc/arm-none-eabi/10.3.1/../../../../arm-none-eabi/bin/ld.exe: test_main.p/src_main_board_low_level_gpio.c.o: in function `gpio_set_direction':
D:\CodeProjects\drone-arm\build/../src/main_board/low_level/gpio.c:27: undefined reference to `GPIO_FAST_OP'
c:/program files (x86)/gnu arm embedded toolchain/10 2021.10/bin/../lib/gcc/arm-none-eabi/10.3.1/../../../../arm-none-eabi/bin/ld.exe: D:\CodeProjects\drone-arm\build/../src/main_board/low_level/gpio.c:36: undefined reference to `GPIO_FAST_OP'
c:/program files (x86)/gnu arm embedded toolchain/10 2021.10/bin/../lib/gcc/arm-none-eabi/10.3.1/../../../../arm-none-eabi/bin/ld.exe: test_main.p/src_main_board_low_level_gpio.c.o: in function `gpio_set':
D:\CodeProjects\drone-arm\build/../src/main_board/low_level/gpio.c:101: undefined reference to `GPIO_FAST_OP'
c:/program files (x86)/gnu arm embedded toolchain/10 2021.10/bin/../lib/gcc/arm-none-eabi/10.3.1/../../../../arm-none-eabi/bin/ld.exe: D:\CodeProjects\drone-arm\build/../src/main_board/low_level/gpio.c:103: undefined reference to `GPIO_FAST_OP'
c:/program files (x86)/gnu arm embedded toolchain/10 2021.10/bin/../lib/gcc/arm-none-eabi/10.3.1/../../../../arm-none-eabi/bin/ld.exe: test_main.p/src_main_board_low_level_gpio.c.o: in function `gpio_toggle':
D:\CodeProjects\drone-arm\build/../src/main_board/low_level/gpio.c:126: undefined reference to `GPIO_FAST_OP'
collect2.exe: error: ld returned 1 exit status
[2/4] Linking target firmware_main_board.elf
FAILED: [code=1] firmware_main_board.elf 
"arm-none-eabi-gcc"  -o firmware_main_board.elf firmware_main_board.elf.p/meson-generated_.._boot2_padded.S.o firmware_main_board.elf.p/src_main_board_main.c.o firmware_main_board.elf.p/src_main_board_init.c.o firmware_main_board.elf.p/src_main_board_irq.c.o firmware_main_board.elf.p/src_main_board_low_level_gpio.c.o firmware_main_board.elf.p/src_main_board_low_level_spi.c.o firmware_main_board.elf.p/src_main_board_low_level_i2c.c.o firmware_main_board.elf.p/src_main_board_low_level_spi_irq.c.o firmware_main_board.elf.p/src_main_board_low_level_adc.c.o firmware_main_board.elf.p/src_main_board_low_level_timer.c.o firmware_main_board.elf.p/src_main_board_low_level_pwm.c.o firmware_main_board.elf.p/src_main_board_low_level_dma.c.o firmware_main_board.elf.p/src_main_board_low_level_mpu.c.o firmware_main_board.elf.p/src_main_board_low_level_sys.c.o firmware_main_board.elf.p/src_main_board_low_level_clocks_init.c.o firmware_main_board.elf.p/src_main_board_low_level_clocks_sys.c.o firmware_main_board.elf.p/src_main_board_low_level_clocks_other.c.o firmware_main_board.elf.p/src_main_board_low_level_clocks_overclock.c.o firmware_main_board.elf.p/src_main_board_hardware_defs_pins.c.o firmware_main_board.elf.p/src_common_math_utils.c.o firmware_main_board.elf.p/src_common_filter.c.o firmware_main_board.elf.p/src_common_ring_buffer.c.o firmware_main_board.elf.p/src_common_crc.c.o firmware_main_board.elf.p/src_common_watchdog.c.o firmware_main_board.elf.p/src_common_scheduler.c.o firmware_main_board.elf.p/src_common_assert.c.o "-Wl,--as-needed" "-Wl,--no-undefined" "-mcpu=cortex-m33" "-mthumb" "-mfloat-abi=hard" "-mfpu=fpv5-d16" "--specs=nosys.specs" "--specs=nano.specs" "-TD:/CodeProjects/drone-arm/src/main_board/linker_script.ld" "-Wl,--start-group" "-lc" "-lm" "-lnosys" "-Wl,--end-group"
c:/program files (x86)/gnu arm embedded toolchain/10 2021.10/bin/../lib/gcc/arm-none-eabi/10.3.1/../../../../arm-none-eabi/bin/ld.exe: firmware_main_board.elf.p/src_main_board_low_level_gpio.c.o: in function `gpio_set_direction':
D:\CodeProjects\drone-arm\build/../src/main_board/low_level/gpio.c:27: undefined reference to `GPIO_FAST_OP'
c:/program files (x86)/gnu arm embedded toolchain/10 2021.10/bin/../lib/gcc/arm-none-eabi/10.3.1/../../../../arm-none-eabi/bin/ld.exe: D:\CodeProjects\drone-arm\build/../src/main_board/low_level/gpio.c:36: undefined reference to `GPIO_FAST_OP'
c:/program files (x86)/gnu arm embedded toolchain/10 2021.10/bin/../lib/gcc/arm-none-eabi/10.3.1/../../../../arm-none-eabi/bin/ld.exe: firmware_main_board.elf.p/src_main_board_low_level_gpio.c.o: in function `gpio_set':
D:\CodeProjects\drone-arm\build/../src/main_board/low_level/gpio.c:101: undefined reference to `GPIO_FAST_OP'
c:/program files (x86)/gnu arm embedded toolchain/10 2021.10/bin/../lib/gcc/arm-none-eabi/10.3.1/../../../../arm-none-eabi/bin/ld.exe: D:\CodeProjects\drone-arm\build/../src/main_board/low_level/gpio.c:103: undefined reference to `GPIO_FAST_OP'
c:/program files (x86)/gnu arm embedded toolchain/10 2021.10/bin/../lib/gcc/arm-none-eabi/10.3.1/../../../../arm-none-eabi/bin/ld.exe: firmware_main_board.elf.p/src_main_board_low_level_gpio.c.o: in function `gpio_toggle':
D:\CodeProjects\drone-arm\build/../src/main_board/low_level/gpio.c:126: undefined reference to `GPIO_FAST_OP'
collect2.exe: error: ld returned 1 exit status
ninja: build stopped: subcommand failed.
