{
  "status": "FAIL",
  "checks": 11,
  "failures": 10,
  "results": [
    {
      "name": "ESC source identity",
      "status": "PASS",
      "detail": "/__w/drone-arm/drone-arm/hardware/esc/rev_b/esc_rev_b.kicad_sch"
    },
    {
      "name": "ESC population: STM32G431CBT6",
      "status": "FAIL",
      "detail": "expected=6, actual=0"
    },
    {
      "name": "ESC population: DRV8353SRTAR",
      "status": "FAIL",
      "detail": "expected=6, actual=0"
    },
    {
      "name": "ESC population: IPTC014N10NM5",
      "status": "FAIL",
      "detail": "expected=36, actual=0"
    },
    {
      "name": "ESC population: 0.5m 1% 5W",
      "status": "FAIL",
      "detail": "expected=24, actual=0"
    },
    {
      "name": "ESC population: INA296A2IDR",
      "status": "FAIL",
      "detail": "expected=6, actual=0"
    },
    {
      "name": "ESC population: ISO6731FDWR",
      "status": "FAIL",
      "detail": "expected=6, actual=0"
    },
    {
      "name": "ESC population: RFM-0505S",
      "status": "FAIL",
      "detail": "expected=6, actual=0"
    },
    {
      "name": "ESC population: TPS70933DBVR",
      "status": "FAIL",
      "detail": "expected=6, actual=0"
    },
    {
      "name": "ESC population: SM8S51A",
      "status": "FAIL",
      "detail": "expected=7, actual=1"
    },
    {
      "name": "audit execution",
      "status": "FAIL",
      "detail": "esc_rev_b_netlist.xml: missing component U1101"
    }
  ]
}
