You have run CvPcb for the first time using the new footprint library table method for finding footprints.
CvPcb has either copied the default table or created an empty table in your home folder.
You must first configure the library table to include all footprint libraries not included with KiCad.
See the "Footprint Library Table" section of the CvPcb documentation for more information. Checking sheet names...
Checking bus conflicts...
Checking conflicts...
Checking units...
Checking footprints...
Checking pins...
Checking similar labels...
Checking local and global labels...
Checking for unresolved variables...
Checking no connect pins for connections...
Checking for library symbol issues...
Checking for footprint link issues...
Checking for off grid pins and wires...
Checking for labels on more than one wire...
Checking for undefined netclasses...
Found 239 violations
Saved ERC Report to hardware/esc/rev_b/reports/esc_rev_b_erc.json
