2026-07-19 17:49:48.659 INFO   Freerouting v2.2.4 (build-date: 2026-05-13)
2026-07-19 17:49:50.269 INFO   [33E315\ED7064] Job '33E315\ED7064' started at 2026-07-19T17:49:50.269682498Z.
2026-07-19 17:49:50.625 INFO   New version available: v2.2.4
2026-07-19 17:49:51.031 WARN   Polyline: must contain at least 2 different points
2026-07-19 17:49:51.032 ERROR  Error during routing passes
java.lang.NullPointerException: Cannot invoke "Object.equals(Object)" because "from_corner" is null
	at app.freerouting.board.RoutingBoard.insert_forced_trace_polyline(RoutingBoard.java:603)
	at app.freerouting.autoroute.InsertFoundConnectionAlgo.insert_trace(InsertFoundConnectionAlgo.java:143)
	at app.freerouting.autoroute.InsertFoundConnectionAlgo.get_instance(InsertFoundConnectionAlgo.java:64)
	at app.freerouting.autoroute.AutorouteEngine.autoroute_connection(AutorouteEngine.java:241)
	at app.freerouting.autoroute.BatchAutorouter.autoroute_item(BatchAutorouter.java:1104)
	at app.freerouting.autoroute.BatchAutorouter.autoroute_pass(BatchAutorouter.java:451)
	at app.freerouting.autoroute.BatchAutorouter.runBatchLoop(BatchAutorouter.java:744)
	at app.freerouting.management.RoutingJobSchedulerActionThread.thread_action(RoutingJobSchedulerActionThread.java:114)
	at app.freerouting.core.StoppableThread.run(StoppableThread.java:22)
2026-07-19 17:49:51.032 ERROR  Error during routing passes
java.lang.NullPointerException: Cannot invoke "Object.equals(Object)" because "from_corner" is null
	at app.freerouting.board.RoutingBoard.insert_forced_trace_polyline(RoutingBoard.java:603)
	at app.freerouting.autoroute.InsertFoundConnectionAlgo.insert_trace(InsertFoundConnectionAlgo.java:143)
	at app.freerouting.autoroute.InsertFoundConnectionAlgo.get_instance(InsertFoundConnectionAlgo.java:64)
	at app.freerouting.autoroute.AutorouteEngine.autoroute_connection(AutorouteEngine.java:241)
	at app.freerouting.autoroute.BatchAutorouter.autoroute_item(BatchAutorouter.java:1104)
	at app.freerouting.autoroute.BatchAutorouter.autoroute_pass(BatchAutorouter.java:451)
	at app.freerouting.autoroute.BatchAutorouter.runBatchLoop(BatchAutorouter.java:744)
	at app.freerouting.management.RoutingJobSchedulerActionThread.thread_action(RoutingJobSchedulerActionThread.java:114)
	at app.freerouting.core.StoppableThread.run(StoppableThread.java:22)
2026-07-19 17:50:36.861 INFO   [33E315\ED7064] Auto-router pass #1 on board '6059e7ffa1b0edc1dfa40dddfd14f7ae' was completed in 46.23 seconds with the score of 885.20 (90 unrouted), using 43.61 CPU seconds and the job allocated 29.94 GB of memory so far.
2026-07-19 17:50:37.006 WARN   Polyline: must contain at least 2 different points
2026-07-19 17:50:37.007 ERROR  Error during routing passes
java.lang.NullPointerException: Cannot invoke "Object.equals(Object)" because "from_corner" is null
	at app.freerouting.board.RoutingBoard.insert_forced_trace_polyline(RoutingBoard.java:603)
	at app.freerouting.autoroute.InsertFoundConnectionAlgo.insert_trace(InsertFoundConnectionAlgo.java:143)
	at app.freerouting.autoroute.InsertFoundConnectionAlgo.get_instance(InsertFoundConnectionAlgo.java:64)
	at app.freerouting.autoroute.AutorouteEngine.autoroute_connection(AutorouteEngine.java:241)
	at app.freerouting.autoroute.BatchAutorouter.autoroute_item(BatchAutorouter.java:1104)
	at app.freerouting.autoroute.BatchAutorouter.autoroute_pass(BatchAutorouter.java:451)
	at app.freerouting.autoroute.BatchAutorouter.runBatchLoop(BatchAutorouter.java:744)
	at app.freerouting.management.RoutingJobSchedulerActionThread.thread_action(RoutingJobSchedulerActionThread.java:114)
	at app.freerouting.core.StoppableThread.run(StoppableThread.java:22)
2026-07-19 17:50:37.007 ERROR  Error during routing passes
java.lang.NullPointerException: Cannot invoke "Object.equals(Object)" because "from_corner" is null
	at app.freerouting.board.RoutingBoard.insert_forced_trace_polyline(RoutingBoard.java:603)
	at app.freerouting.autoroute.InsertFoundConnectionAlgo.insert_trace(InsertFoundConnectionAlgo.java:143)
	at app.freerouting.autoroute.InsertFoundConnectionAlgo.get_instance(InsertFoundConnectionAlgo.java:64)
	at app.freerouting.autoroute.AutorouteEngine.autoroute_connection(AutorouteEngine.java:241)
	at app.freerouting.autoroute.BatchAutorouter.autoroute_item(BatchAutorouter.java:1104)
	at app.freerouting.autoroute.BatchAutorouter.autoroute_pass(BatchAutorouter.java:451)
	at app.freerouting.autoroute.BatchAutorouter.runBatchLoop(BatchAutorouter.java:744)
	at app.freerouting.management.RoutingJobSchedulerActionThread.thread_action(RoutingJobSchedulerActionThread.java:114)
	at app.freerouting.core.StoppableThread.run(StoppableThread.java:22)
2026-07-19 17:51:11.320 INFO   [33E315\ED7064] Auto-router pass #2 on board 'd377aad00f2c05273886b9e232b5d6dd' was completed in 34.38 seconds with the score of 915.38 (70 unrouted), using 76.65 CPU seconds and the job allocated 55.35 GB of memory so far.
2026-07-19 17:51:11.468 WARN   Polyline: must contain at least 2 different points
2026-07-19 17:51:11.468 ERROR  Error during routing passes
java.lang.NullPointerException: Cannot invoke "Object.equals(Object)" because "from_corner" is null
	at app.freerouting.board.RoutingBoard.insert_forced_trace_polyline(RoutingBoard.java:603)
	at app.freerouting.autoroute.InsertFoundConnectionAlgo.insert_trace(InsertFoundConnectionAlgo.java:143)
	at app.freerouting.autoroute.InsertFoundConnectionAlgo.get_instance(InsertFoundConnectionAlgo.java:64)
	at app.freerouting.autoroute.AutorouteEngine.autoroute_connection(AutorouteEngine.java:241)
	at app.freerouting.autoroute.BatchAutorouter.autoroute_item(BatchAutorouter.java:1104)
	at app.freerouting.autoroute.BatchAutorouter.autoroute_pass(BatchAutorouter.java:451)
	at app.freerouting.autoroute.BatchAutorouter.runBatchLoop(BatchAutorouter.java:744)
	at app.freerouting.management.RoutingJobSchedulerActionThread.thread_action(RoutingJobSchedulerActionThread.java:114)
	at app.freerouting.core.StoppableThread.run(StoppableThread.java:22)
2026-07-19 17:51:11.468 ERROR  Error during routing passes
java.lang.NullPointerException: Cannot invoke "Object.equals(Object)" because "from_corner" is null
	at app.freerouting.board.RoutingBoard.insert_forced_trace_polyline(RoutingBoard.java:603)
	at app.freerouting.autoroute.InsertFoundConnectionAlgo.insert_trace(InsertFoundConnectionAlgo.java:143)
	at app.freerouting.autoroute.InsertFoundConnectionAlgo.get_instance(InsertFoundConnectionAlgo.java:64)
	at app.freerouting.autoroute.AutorouteEngine.autoroute_connection(AutorouteEngine.java:241)
	at app.freerouting.autoroute.BatchAutorouter.autoroute_item(BatchAutorouter.java:1104)
	at app.freerouting.autoroute.BatchAutorouter.autoroute_pass(BatchAutorouter.java:451)
	at app.freerouting.autoroute.BatchAutorouter.runBatchLoop(BatchAutorouter.java:744)
	at app.freerouting.management.RoutingJobSchedulerActionThread.thread_action(RoutingJobSchedulerActionThread.java:114)
	at app.freerouting.core.StoppableThread.run(StoppableThread.java:22)
2026-07-19 17:51:48.486 INFO   [33E315\ED7064] Auto-router pass #3 on board '4c4e9670bd66b475278c218bf5f25035' was completed in 37.09 seconds with the score of 925.78 (63 unrouted), using 113.47 CPU seconds and the job allocated 82.57 GB of memory so far.
2026-07-19 17:51:48.582 WARN   Polyline: must contain at least 2 different points
2026-07-19 17:51:48.582 ERROR  Error during routing passes
java.lang.NullPointerException
2026-07-19 17:51:48.582 ERROR  Error during routing passes
java.lang.NullPointerException
2026-07-19 17:52:16.348 INFO   [33E315\ED7064] Auto-router pass #4 on board '8564cb3e8a4e0803137d6253258b3658' was completed in 27.82 seconds with the score of 926.97 (62 unrouted), using 139.61 CPU seconds and the job allocated 102.62 GB of memory so far.
2026-07-19 17:52:16.445 WARN   Polyline: must contain at least 2 different points
2026-07-19 17:52:16.445 ERROR  Error during routing passes
java.lang.NullPointerException
2026-07-19 17:52:16.445 ERROR  Error during routing passes
java.lang.NullPointerException
2026-07-19 17:52:42.328 INFO   [33E315\ED7064] Auto-router pass #5 on board '36269a686803c3c924e22f1bca145f72' was completed in 25.93 seconds with the score of 928.44 (61 unrouted), using 164.82 CPU seconds and the job allocated 121.75 GB of memory so far.
2026-07-19 17:52:42.421 WARN   Polyline: must contain at least 2 different points
2026-07-19 17:52:42.421 ERROR  Error during routing passes
java.lang.NullPointerException
2026-07-19 17:52:42.421 ERROR  Error during routing passes
java.lang.NullPointerException
2026-07-19 17:53:11.549 INFO   [33E315\ED7064] Auto-router pass #6 on board '616376b9b68985109dd25b4e13b9fe64' was completed in 29.18 seconds with the score of 928.23 (61 unrouted), using 193.86 CPU seconds and the job allocated 143.34 GB of memory so far.
2026-07-19 17:53:11.650 WARN   Polyline: must contain at least 2 different points
2026-07-19 17:53:11.650 ERROR  Error during routing passes
java.lang.NullPointerException
2026-07-19 17:53:11.650 ERROR  Error during routing passes
java.lang.NullPointerException
2026-07-19 17:53:38.618 INFO   [33E315\ED7064] Auto-router pass #7 on board '106afd36894ac39c9e963c67e096fbcf' was completed in 27.02 seconds with the score of 928.44 (61 unrouted), using 220.02 CPU seconds and the job allocated 162.70 GB of memory so far.
2026-07-19 17:53:38.716 WARN   Polyline: must contain at least 2 different points
2026-07-19 17:53:38.716 ERROR  Error during routing passes
java.lang.NullPointerException
2026-07-19 17:53:38.716 ERROR  Error during routing passes
java.lang.NullPointerException
2026-07-19 17:54:06.793 INFO   [33E315\ED7064] Auto-router pass #8 on board '00be12de856734bf10c81105cf2157a3' was completed in 28.13 seconds with the score of 929.64 (60 unrouted), using 247.09 CPU seconds and the job allocated 183.27 GB of memory so far.
2026-07-19 17:54:06.894 WARN   Polyline: must contain at least 2 different points
2026-07-19 17:54:06.895 ERROR  Error during routing passes
java.lang.NullPointerException
2026-07-19 17:54:06.895 ERROR  Error during routing passes
java.lang.NullPointerException
2026-07-19 17:54:33.170 INFO   [33E315\ED7064] Auto-router pass #9 on board '463e44cb8abbe8c61e00d1c99a83d432' was completed in 26.33 seconds with the score of 928.44 (61 unrouted), using 272.28 CPU seconds and the job allocated 202.66 GB of memory so far.
2026-07-19 17:54:33.261 WARN   Polyline: must contain at least 2 different points
2026-07-19 17:54:33.261 ERROR  Error during routing passes
java.lang.NullPointerException
2026-07-19 17:54:33.261 ERROR  Error during routing passes
java.lang.NullPointerException
2026-07-19 17:55:01.914 INFO   [33E315\ED7064] Auto-router pass #10 on board 'eccee09b77ac1bca8159c340aa14813e' was completed in 28.70 seconds with the score of 929.64 (60 unrouted), using 300.33 CPU seconds and the job allocated 223.55 GB of memory so far.
2026-07-19 17:55:01.956 INFO   [33E315\ED7064] Auto-router session completed: started with 227 unrouted nets, completed in 5 minutes 11.49 seconds, final score: 929.64 (60 unrouted), using 300.33 total CPU seconds, 223.55 GB total allocated, and 1416.62 MB peak heap usage.
